When	ADV
it	PRON
's	VERB
time	NOUN
for	ADP
their	PRON
biannual	ADJ
powwow	NOUN
,	.
the	DET
nation	NOUN
s	PRT
manufacturing	VERB
titans	NOUN
typically	ADV
jet	VERB
off	PRT
to	PRT
the	DET
sunny	ADJ
confines	NOUN
of	ADP
resort	NOUN
towns	NOUN
like	ADP
Boca	NOUN
Raton	NOUN
and	CONJ
Hot	NOUN
Springs	NOUN
.	.
